31.56.96.51 - - [27/Jul/2024:07:56:57 +0330] "POST /image/60844/productModel/200x200 HTTP/1.1" 200 10628 "-" "Mozilla/5.0 (compatible; Googlebot/2.1; +http://www.google.com/bot.html)" "-" requestsuccessful: 27  requestfailed: 279
207.46.13.136 - - [24/Jul/2024:09:36:57 +0330] "DELETE /filter/27|13%20%D9%85%DA%AF%D8%A7%D9%BE%DB%8C%DA%A9%D8%B3%D9%84 HTTP/1.1" 404 48386 "-" "Mozilla/5.0 (compatible; Googlebot/2.1; +http://www.google.com/bot.html)" "-" requestsuccessful: 153  requestfailed: 9
54.36.149.41 - - [13/Aug/2024:04:44:57 +0330] "POST /settings/logo HTTP/1.1" 200 6625 "-" "Mozilla/5.0 (compatible; Googlebot/2.1; +http://www.google.com/bot.html)" "-" requestsuccessful: 222  requestfailed: 138
178.253.33.51 - - [05/Aug/2024:01:28:57 +0330] "POST /product/31893/62100/%D8%B3%D8%B4%D9%88%D8%A7%D8%B1 HTTP/1.1" 404 11619 "-" "Mozilla/5.0 (compatible; bingbot/2.0; +http://www.bing.com/bingbot.htm)" "-" requestsuccessful: 32  requestfailed: 242
66.249.66.194 - - [04/Aug/2024:05:15:57 +0330] "PUT /image/60844/productModel/200x200 HTTP/1.1" 404 27460 "-" "Mozilla/5.0 (compatible; Googlebot/2.1; +http://www.google.com/bot.html)" "-" requestsuccessful: 28  requestfailed: 273
207.46.13.136 - - [18/Aug/2024:09:02:57 +0330] "DELETE /settings/logo HTTP/1.1" 301 39676 "-" "Mozilla/5.0 (compatible; AhrefsBot/6.1; +http://ahrefs.com/robot/)" "-" requestsuccessful: 172  requestfailed: 28
91.99.72.15 - - [01/Aug/2024:21:23:57 +0330] "PUT /image/60844/productModel/200x200 HTTP/1.1" 301 6373 "-" "Mozilla/5.0 (compatible; Googlebot/2.1; +http://www.google.com/bot.html)" "-" requestsuccessful: 229  requestfailed: 298
178.253.33.51 - - [07/Aug/2024:07:02:57 +0330] "POST /image/60844/productModel/200x200 HTTP/1.1" 500 38711 "-" "Mozilla/5.0 (Windows NT 6.2; Win64; x64; rv:16.0)Gecko/16.0 Firefox/16.0" "-" requestsuccessful: 63  requestfailed: 260
54.36.149.41 - - [29/Jul/2024:08:33:57 +0330] "GET /filter/27|13%20%D9%85%DA%AF%D8%A7%D9%BE%DB%8C%DA%A9%D8%B3%D9%84 HTTP/1.1" 500 22939 "-" "Mozilla/5.0 (compatible; AhrefsBot/6.1; +http://ahrefs.com/robot/)" "-" requestsuccessful: 37  requestfailed: 264
66.249.66.194 - - [13/Aug/2024:16:38:57 +0330] "DELETE /product/31893/62100/%D8%B3%D8%B4%D9%88%D8%A7%D8%B1 HTTP/1.1" 404 18969 "-" "Mozilla/5.0 (compatible; Googlebot/2.1; +http://www.google.com/bot.html)" "-" requestsuccessful: 98  requestfailed: 126
40.77.167.129 - - [10/Aug/2024:05:05:57 +0330] "GET /filter/27|13%20%D9%85%DA%AF%D8%A7%D9%BE%DB%8C%DA%A9%D8%B3%D9%84 HTTP/1.1" 500 7452 "-" "Mozilla/5.0 (compatible; Googlebot/2.1; +http://www.google.com/bot.html)" "-" requestsuccessful: 154  requestfailed: 216
207.46.13.136 - - [01/Aug/2024:00:17:57 +0330] "POST /settings/logo HTTP/1.1" 404 15343 "-" "Mozilla/5.0 (compatible; Googlebot/2.1; +http://www.google.com/bot.html)" "-" requestsuccessful: 134  requestfailed: 229
207.46.13.136 - - [13/Aug/2024:05:44:57 +0330] "POST /filter/27|13%20%D9%85%DA%AF%D8%A7%D9%BE%DB%8C%DA%A9%D8%B3%D9%84 HTTP/1.1" 200 23184 "-" "Mozilla/5.0 (compatible; AhrefsBot/6.1; +http://ahrefs.com/robot/)" "-" requestsuccessful: 214  requestfailed: 25
91.99.72.15 - - [13/Aug/2024:08:56:57 +0330] "DELETE /filter/27|13%20%D9%85%DA%AF%D8%A7%D9%BE%DB%8C%DA%A9%D8%B3%D9%84 HTTP/1.1" 200 32687 "-" "Mozilla/5.0 (Windows NT 6.2; Win64; x64; rv:16.0)Gecko/16.0 Firefox/16.0" "-" requestsuccessful: 32  requestfailed: 40
178.253.33.51 - - [16/Aug/2024:01:28:57 +0330] "DELETE /product/31893/62100/%D8%B3%D8%B4%D9%88%D8%A7%D8%B1 HTTP/1.1" 301 21913 "-" "Mozilla/5.0 (compatible; Googlebot/2.1; +http://www.google.com/bot.html)" "-" requestsuccessful: 171  requestfailed: 224
54.36.149.41 - - [13/Aug/2024:13:55:57 +0330] "PUT /settings/logo HTTP/1.1" 500 11311 "-" "Mozilla/5.0 (compatible; Googlebot/2.1; +http://www.google.com/bot.html)" "-" requestsuccessful: 262  requestfailed: 272
91.99.72.15 - - [11/Aug/2024:07:49:57 +0330] "PUT /product/31893/62100/%D8%B3%D8%B4%D9%88%D8%A7%D8%B1 HTTP/1.1" 301 47929 "-" "Mozilla/5.0 (compatible; AhrefsBot/6.1; +http://ahrefs.com/robot/)" "-" requestsuccessful: 17  requestfailed: 19
66.249.66.194 - - [15/Aug/2024:15:03:57 +0330] "PUT /product/31893/62100/%D8%B3%D8%B4%D9%88%D8%A7%D8%B1 HTTP/1.1" 301 28368 "-" "Mozilla/5.0 (Windows NT 6.2; Win64; x64; rv:16.0)Gecko/16.0 Firefox/16.0" "-" requestsuccessful: 16  requestfailed: 145
40.77.167.129 - - [08/Aug/2024:11:08:57 +0330] "GET /image/60844/productModel/200x200 HTTP/1.1" 500 6128 "-" "Mozilla/5.0 (compatible; Googlebot/2.1; +http://www.google.com/bot.html)" "-" requestsuccessful: 106  requestfailed: 22
31.56.96.51 - - [05/Aug/2024:12:01:57 +0330] "POST /image/60844/productModel/200x200 HTTP/1.1" 404 27217 "-" "Mozilla/5.0 (compatible; bingbot/2.0; +http://www.bing.com/bingbot.htm)" "-" requestsuccessful: 162  requestfailed: 272
207.46.13.136 - - [08/Aug/2024:05:54:57 +0330] "DELETE /filter/27|13%20%D9%85%DA%AF%D8%A7%D9%BE%DB%8C%DA%A9%D8%B3%D9%84 HTTP/1.1" 404 42843 "-" "Mozilla/5.0 (Linux; Android 6.0; ALE-L21 Build/HuaweiALE-L21) AppleWebKit/537.36 (KHTML, like Gecko) Chrome/66.0.3359.158 Mobile Safari/537.36" "-" requestsuccessful: 110  requestfailed: 169
207.46.13.136 - - [23/Jul/2024:22:10:57 +0330] "PUT /product/31893/62100/%D8%B3%D8%B4%D9%88%D8%A7%D8%B1 HTTP/1.1" 404 11921 "-" "Mozilla/5.0 (compatible; Googlebot/2.1; +http://www.google.com/bot.html)" "-" requestsuccessful: 6  requestfailed: 289
40.77.167.129 - - [24/Jul/2024:03:44:57 +0330] "DELETE /image/60844/productModel/200x200 HTTP/1.1" 500 41874 "-" "Mozilla/5.0 (Linux; Android 6.0; ALE-L21 Build/HuaweiALE-L21) AppleWebKit/537.36 (KHTML, like Gecko) Chrome/66.0.3359.158 Mobile Safari/537.36" "-" requestsuccessful: 282  requestfailed: 157
207.46.13.136 - - [20/Jul/2024:20:09:57 +0330] "GET /filter/27|13%20%D9%85%DA%AF%D8%A7%D9%BE%DB%8C%DA%A9%D8%B3%D9%84 HTTP/1.1" 200 41901 "-" "Mozilla/5.0 (Linux; Android 6.0; ALE-L21 Build/HuaweiALE-L21) AppleWebKit/537.36 (KHTML, like Gecko) Chrome/66.0.3359.158 Mobile Safari/537.36" "-" requestsuccessful: 12  requestfailed: 250
91.99.72.15 - - [09/Aug/2024:21:05:57 +0330] "DELETE /product/31893/62100/%D8%B3%D8%B4%D9%88%D8%A7%D8%B1 HTTP/1.1" 404 10921 "-" "Mozilla/5.0 (Windows NT 6.2; Win64; x64; rv:16.0)Gecko/16.0 Firefox/16.0" "-" requestsuccessful: 146  requestfailed: 44
178.253.33.51 - - [31/Jul/2024:10:09:57 +0330] "GET /image/60844/productModel/200x200 HTTP/1.1" 500 44999 "-" "Mozilla/5.0 (Linux; Android 6.0; ALE-L21 Build/HuaweiALE-L21) AppleWebKit/537.36 (KHTML, like Gecko) Chrome/66.0.3359.158 Mobile Safari/537.36" "-" requestsuccessful: 250  requestfailed: 123
91.99.72.15 - - [07/Aug/2024:22:30:57 +0330] "PUT /filter/27|13%20%D9%85%DA%AF%D8%A7%D9%BE%DB%8C%DA%A9%D8%B3%D9%84 HTTP/1.1" 404 26145 "-" "Mozilla/5.0 (compatible; bingbot/2.0; +http://www.bing.com/bingbot.htm)" "-" requestsuccessful: 102  requestfailed: 167
91.99.72.15 - - [12/Aug/2024:18:49:57 +0330] "POST /filter/27|13%20%D9%85%DA%AF%D8%A7%D9%BE%DB%8C%DA%A9%D8%B3%D9%84 HTTP/1.1" 200 21636 "-" "Mozilla/5.0 (compatible; AhrefsBot/6.1; +http://ahrefs.com/robot/)" "-" requestsuccessful: 114  requestfailed: 269
54.36.149.41 - - [22/Jul/2024:17:14:57 +0330] "PUT /image/60844/productModel/200x200 HTTP/1.1" 500 8123 "-" "Mozilla/5.0 (Linux; Android 6.0; ALE-L21 Build/HuaweiALE-L21) AppleWebKit/537.36 (KHTML, like Gecko) Chrome/66.0.3359.158 Mobile Safari/537.36" "-" requestsuccessful: 119  requestfailed: 82
207.46.13.136 - - [04/Aug/2024:17:53:57 +0330] "GET /filter/27|13%20%D9%85%DA%AF%D8%A7%D9%BE%DB%8C%DA%A9%D8%B3%D9%84 HTTP/1.1" 200 4728 "-" "Mozilla/5.0 (Linux; Android 6.0; ALE-L21 Build/HuaweiALE-L21) AppleWebKit/537.36 (KHTML, like Gecko) Chrome/66.0.3359.158 Mobile Safari/537.36" "-" requestsuccessful: 5  requestfailed: 107
31.56.96.51 - - [10/Aug/2024:03:37:57 +0330] "PUT /image/60844/productModel/200x200 HTTP/1.1" 301 27351 "-" "Mozilla/5.0 (compatible; bingbot/2.0; +http://www.bing.com/bingbot.htm)" "-" requestsuccessful: 259  requestfailed: 214
91.99.72.15 - - [19/Jul/2024:01:19:57 +0330] "DELETE /settings/logo HTTP/1.1" 500 30025 "-" "Mozilla/5.0 (Windows NT 6.2; Win64; x64; rv:16.0)Gecko/16.0 Firefox/16.0" "-" requestsuccessful: 235  requestfailed: 151
178.253.33.51 - - [05/Aug/2024:00:03:57 +0330] "GET /product/31893/62100/%D8%B3%D8%B4%D9%88%D8%A7%D8%B1 HTTP/1.1" 404 11447 "-" "Mozilla/5.0 (compatible; AhrefsBot/6.1; +http://ahrefs.com/robot/)" "-" requestsuccessful: 177  requestfailed: 15
66.249.66.194 - - [14/Aug/2024:10:27:57 +0330] "PUT /image/60844/productModel/200x200 HTTP/1.1" 500 32001 "-" "Mozilla/5.0 (compatible; bingbot/2.0; +http://www.bing.com/bingbot.htm)" "-" requestsuccessful: 149  requestfailed: 61
66.249.66.194 - - [17/Aug/2024:03:23:57 +0330] "DELETE /product/31893/62100/%D8%B3%D8%B4%D9%88%D8%A7%D8%B1 HTTP/1.1" 404 2217 "-" "Mozilla/5.0 (compatible; Googlebot/2.1; +http://www.google.com/bot.html)" "-" requestsuccessful: 246  requestfailed: 246
178.253.33.51 - - [12/Aug/2024:08:41:57 +0330] "POST /filter/27|13%20%D9%85%DA%AF%D8%A7%D9%BE%DB%8C%DA%A9%D8%B3%D9%84 HTTP/1.1" 200 15611 "-" "Mozilla/5.0 (Linux; Android 6.0; ALE-L21 Build/HuaweiALE-L21) AppleWebKit/537.36 (KHTML, like Gecko) Chrome/66.0.3359.158 Mobile Safari/537.36" "-" requestsuccessful: 174  requestfailed: 202
207.46.13.136 - - [05/Aug/2024:02:10:57 +0330] "POST /settings/logo HTTP/1.1" 301 16212 "-" "Mozilla/5.0 (Windows NT 6.2; Win64; x64; rv:16.0)Gecko/16.0 Firefox/16.0" "-" requestsuccessful: 108  requestfailed: 83
40.77.167.129 - - [22/Jul/2024:01:23:57 +0330] "PUT /product/31893/62100/%D8%B3%D8%B4%D9%88%D8%A7%D8%B1 HTTP/1.1" 404 44263 "-" "Mozilla/5.0 (compatible; Googlebot/2.1; +http://www.google.com/bot.html)" "-" requestsuccessful: 216  requestfailed: 101
207.46.13.136 - - [31/Jul/2024:18:14:57 +0330] "POST /filter/27|13%20%D9%85%DA%AF%D8%A7%D9%BE%DB%8C%DA%A9%D8%B3%D9%84 HTTP/1.1" 404 32129 "-" "Mozilla/5.0 (Windows NT 6.2; Win64; x64; rv:16.0)Gecko/16.0 Firefox/16.0" "-" requestsuccessful: 133  requestfailed: 97
66.249.66.194 - - [08/Aug/2024:22:47:57 +0330] "PUT /product/31893/62100/%D8%B3%D8%B4%D9%88%D8%A7%D8%B1 HTTP/1.1" 500 32728 "-" "Mozilla/5.0 (compatible; bingbot/2.0; +http://www.bing.com/bingbot.htm)" "-" requestsuccessful: 279  requestfailed: 131
178.253.33.51 - - [16/Aug/2024:17:52:57 +0330] "POST /settings/logo HTTP/1.1" 500 30326 "-" "Mozilla/5.0 (Linux; Android 6.0; ALE-L21 Build/HuaweiALE-L21) AppleWebKit/537.36 (KHTML, like Gecko) Chrome/66.0.3359.158 Mobile Safari/537.36" "-" requestsuccessful: 11  requestfailed: 222
91.99.72.15 - - [10/Aug/2024:20:21:57 +0330] "GET /product/31893/62100/%D8%B3%D8%B4%D9%88%D8%A7%D8%B1 HTTP/1.1" 500 1121 "-" "Mozilla/5.0 (compatible; Googlebot/2.1; +http://www.google.com/bot.html)" "-" requestsuccessful: 210  requestfailed: 196
207.46.13.136 - - [03/Aug/2024:03:59:57 +0330] "POST /settings/logo HTTP/1.1" 301 33188 "-" "Mozilla/5.0 (Linux; Android 6.0; ALE-L21 Build/HuaweiALE-L21) AppleWebKit/537.36 (KHTML, like Gecko) Chrome/66.0.3359.158 Mobile Safari/537.36" "-" requestsuccessful: 242  requestfailed: 293
178.253.33.51 - - [19/Jul/2024:07:19:57 +0330] "PUT /settings/logo HTTP/1.1" 404 18716 "-" "Mozilla/5.0 (compatible; Googlebot/2.1; +http://www.google.com/bot.html)" "-" requestsuccessful: 132  requestfailed: 67
178.253.33.51 - - [12/Aug/2024:13:39:57 +0330] "PUT /filter/27|13%20%D9%85%DA%AF%D8%A7%D9%BE%DB%8C%DA%A9%D8%B3%D9%84 HTTP/1.1" 404 8284 "-" "Mozilla/5.0 (compatible; AhrefsBot/6.1; +http://ahrefs.com/robot/)" "-" requestsuccessful: 241  requestfailed: 238
91.99.72.15 - - [25/Jul/2024:21:41:57 +0330] "POST /product/31893/62100/%D8%B3%D8%B4%D9%88%D8%A7%D8%B1 HTTP/1.1" 301 26343 "-" "Mozilla/5.0 (compatible; bingbot/2.0; +http://www.bing.com/bingbot.htm)" "-" requestsuccessful: 76  requestfailed: 5
40.77.167.129 - - [06/Aug/2024:14:02:57 +0330] "PUT /product/31893/62100/%D8%B3%D8%B4%D9%88%D8%A7%D8%B1 HTTP/1.1" 404 25233 "-" "Mozilla/5.0 (Windows NT 6.2; Win64; x64; rv:16.0)Gecko/16.0 Firefox/16.0" "-" requestsuccessful: 190  requestfailed: 25
31.56.96.51 - - [26/Jul/2024:06:51:57 +0330] "PUT /image/60844/productModel/200x200 HTTP/1.1" 200 18376 "-" "Mozilla/5.0 (compatible; AhrefsBot/6.1; +http://ahrefs.com/robot/)" "-" requestsuccessful: 216  requestfailed: 15
91.99.72.15 - - [14/Aug/2024:15:39:57 +0330] "DELETE /image/60844/productModel/200x200 HTTP/1.1" 500 45580 "-" "Mozilla/5.0 (compatible; Googlebot/2.1; +http://www.google.com/bot.html)" "-" requestsuccessful: 285  requestfailed: 11
54.36.149.41 - - [06/Aug/2024:13:35:57 +0330] "GET /product/31893/62100/%D8%B3%D8%B4%D9%88%D8%A7%D8%B1 HTTP/1.1" 200 1346 "-" "Mozilla/5.0 (Windows NT 6.2; Win64; x64; rv:16.0)Gecko/16.0 Firefox/16.0" "-" requestsuccessful: 218  requestfailed: 2
207.46.13.136 - - [08/Aug/2024:09:47:57 +0330] "POST /product/31893/62100/%D8%B3%D8%B4%D9%88%D8%A7%D8%B1 HTTP/1.1" 500 4002 "-" "Mozilla/5.0 (compatible; Googlebot/2.1; +http://www.google.com/bot.html)" "-" requestsuccessful: 251  requestfailed: 177
178.253.33.51 - - [06/Aug/2024:07:43:57 +0330] "POST /image/60844/productModel/200x200 HTTP/1.1" 301 9298 "-" "Mozilla/5.0 (compatible; AhrefsBot/6.1; +http://ahrefs.com/robot/)" "-" requestsuccessful: 3  requestfailed: 171
40.77.167.129 - - [29/Jul/2024:09:09:57 +0330] "POST /settings/logo HTTP/1.1" 301 46732 "-" "Mozilla/5.0 (compatible; AhrefsBot/6.1; +http://ahrefs.com/robot/)" "-" requestsuccessful: 10  requestfailed: 132
207.46.13.136 - - [08/Aug/2024:23:15:57 +0330] "PUT /image/60844/productModel/200x200 HTTP/1.1" 200 19489 "-" "Mozilla/5.0 (Windows NT 6.2; Win64; x64; rv:16.0)Gecko/16.0 Firefox/16.0" "-" requestsuccessful: 29  requestfailed: 129
66.249.66.194 - - [11/Aug/2024:19:25:57 +0330] "POST /settings/logo HTTP/1.1" 500 2605 "-" "Mozilla/5.0 (compatible; Googlebot/2.1; +http://www.google.com/bot.html)" "-" requestsuccessful: 172  requestfailed: 81
40.77.167.129 - - [14/Aug/2024:04:19:57 +0330] "POST /image/60844/productModel/200x200 HTTP/1.1" 404 36294 "-" "Mozilla/5.0 (compatible; AhrefsBot/6.1; +http://ahrefs.com/robot/)" "-" requestsuccessful: 294  requestfailed: 180
40.77.167.129 - - [15/Aug/2024:21:05:57 +0330] "DELETE /settings/logo HTTP/1.1" 404 42668 "-" "Mozilla/5.0 (Linux; Android 6.0; ALE-L21 Build/HuaweiALE-L21) AppleWebKit/537.36 (KHTML, like Gecko) Chrome/66.0.3359.158 Mobile Safari/537.36" "-" requestsuccessful: 2  requestfailed: 27
66.249.66.194 - - [07/Aug/2024:22:35:57 +0330] "GET /filter/27|13%20%D9%85%DA%AF%D8%A7%D9%BE%DB%8C%DA%A9%D8%B3%D9%84 HTTP/1.1" 404 41760 "-" "Mozilla/5.0 (compatible; bingbot/2.0; +http://www.bing.com/bingbot.htm)" "-" requestsuccessful: 132  requestfailed: 150
54.36.149.41 - - [17/Aug/2024:20:42:57 +0330] "DELETE /product/31893/62100/%D8%B3%D8%B4%D9%88%D8%A7%D8%B1 HTTP/1.1" 404 8949 "-" "Mozilla/5.0 (compatible; Googlebot/2.1; +http://www.google.com/bot.html)" "-" requestsuccessful: 243  requestfailed: 157
54.36.149.41 - - [27/Jul/2024:21:15:57 +0330] "GET /image/60844/productModel/200x200 HTTP/1.1" 500 31146 "-" "Mozilla/5.0 (compatible; AhrefsBot/6.1; +http://ahrefs.com/robot/)" "-" requestsuccessful: 136  requestfailed: 262
54.36.149.41 - - [02/Aug/2024:05:38:57 +0330] "DELETE /image/60844/productModel/200x200 HTTP/1.1" 200 38160 "-" "Mozilla/5.0 (compatible; bingbot/2.0; +http://www.bing.com/bingbot.htm)" "-" requestsuccessful: 293  requestfailed: 160
54.36.149.41 - - [23/Jul/2024:19:25:57 +0330] "DELETE /settings/logo HTTP/1.1" 404 5497 "-" "Mozilla/5.0 (Windows NT 6.2; Win64; x64; rv:16.0)Gecko/16.0 Firefox/16.0" "-" requestsuccessful: 209  requestfailed: 290
31.56.96.51 - - [09/Aug/2024:03:57:57 +0330] "DELETE /settings/logo HTTP/1.1" 404 22561 "-" "Mozilla/5.0 (compatible; bingbot/2.0; +http://www.bing.com/bingbot.htm)" "-" requestsuccessful: 207  requestfailed: 154
66.249.66.194 - - [24/Jul/2024:05:18:57 +0330] "DELETE /filter/27|13%20%D9%85%DA%AF%D8%A7%D9%BE%DB%8C%DA%A9%D8%B3%D9%84 HTTP/1.1" 404 20938 "-" "Mozilla/5.0 (Linux; Android 6.0; ALE-L21 Build/HuaweiALE-L21) AppleWebKit/537.36 (KHTML, like Gecko) Chrome/66.0.3359.158 Mobile Safari/537.36" "-" requestsuccessful: 138  requestfailed: 57
178.253.33.51 - - [18/Aug/2024:02:34:57 +0330] "GET /settings/logo HTTP/1.1" 500 23723 "-" "Mozilla/5.0 (compatible; AhrefsBot/6.1; +http://ahrefs.com/robot/)" "-" requestsuccessful: 144  requestfailed: 183
54.36.149.41 - - [06/Aug/2024:15:20:57 +0330] "PUT /image/60844/productModel/200x200 HTTP/1.1" 404 32042 "-" "Mozilla/5.0 (compatible; AhrefsBot/6.1; +http://ahrefs.com/robot/)" "-" requestsuccessful: 195  requestfailed: 247
31.56.96.51 - - [23/Jul/2024:08:35:57 +0330] "DELETE /filter/27|13%20%D9%85%DA%AF%D8%A7%D9%BE%DB%8C%DA%A9%D8%B3%D9%84 HTTP/1.1" 404 24987 "-" "Mozilla/5.0 (compatible; Googlebot/2.1; +http://www.google.com/bot.html)" "-" requestsuccessful: 28  requestfailed: 185
178.253.33.51 - - [20/Jul/2024:19:35:57 +0330] "GET /product/31893/62100/%D8%B3%D8%B4%D9%88%D8%A7%D8%B1 HTTP/1.1" 301 17581 "-" "Mozilla/5.0 (Linux; Android 6.0; ALE-L21 Build/HuaweiALE-L21) AppleWebKit/537.36 (KHTML, like Gecko) Chrome/66.0.3359.158 Mobile Safari/537.36" "-" requestsuccessful: 4  requestfailed: 96
54.36.149.41 - - [19/Jul/2024:05:59:57 +0330] "GET /filter/27|13%20%D9%85%DA%AF%D8%A7%D9%BE%DB%8C%DA%A9%D8%B3%D9%84 HTTP/1.1" 200 38057 "-" "Mozilla/5.0 (compatible; Googlebot/2.1; +http://www.google.com/bot.html)" "-" requestsuccessful: 3  requestfailed: 283
91.99.72.15 - - [03/Aug/2024:02:01:57 +0330] "DELETE /product/31893/62100/%D8%B3%D8%B4%D9%88%D8%A7%D8%B1 HTTP/1.1" 500 17015 "-" "Mozilla/5.0 (Windows NT 6.2; Win64; x64; rv:16.0)Gecko/16.0 Firefox/16.0" "-" requestsuccessful: 278  requestfailed: 259
207.46.13.136 - - [19/Jul/2024:04:09:57 +0330] "GET /product/31893/62100/%D8%B3%D8%B4%D9%88%D8%A7%D8%B1 HTTP/1.1" 404 26947 "-" "Mozilla/5.0 (compatible; Googlebot/2.1; +http://www.google.com/bot.html)" "-" requestsuccessful: 153  requestfailed: 239
31.56.96.51 - - [28/Jul/2024:02:09:57 +0330] "DELETE /settings/logo HTTP/1.1" 200 44129 "-" "Mozilla/5.0 (Linux; Android 6.0; ALE-L21 Build/HuaweiALE-L21) AppleWebKit/537.36 (KHTML, like Gecko) Chrome/66.0.3359.158 Mobile Safari/537.36" "-" requestsuccessful: 141  requestfailed: 209
31.56.96.51 - - [10/Aug/2024:19:35:57 +0330] "DELETE /settings/logo HTTP/1.1" 500 40835 "-" "Mozilla/5.0 (compatible; AhrefsBot/6.1; +http://ahrefs.com/robot/)" "-" requestsuccessful: 62  requestfailed: 284
207.46.13.136 - - [06/Aug/2024:23:38:57 +0330] "DELETE /settings/logo HTTP/1.1" 301 30612 "-" "Mozilla/5.0 (compatible; bingbot/2.0; +http://www.bing.com/bingbot.htm)" "-" requestsuccessful: 253  requestfailed: 167
54.36.149.41 - - [16/Aug/2024:20:44:57 +0330] "DELETE /settings/logo HTTP/1.1" 200 33055 "-" "Mozilla/5.0 (Linux; Android 6.0; ALE-L21 Build/HuaweiALE-L21) AppleWebKit/537.36 (KHTML, like Gecko) Chrome/66.0.3359.158 Mobile Safari/537.36" "-" requestsuccessful: 119  requestfailed: 256
54.36.149.41 - - [12/Aug/2024:02:13:57 +0330] "DELETE /product/31893/62100/%D8%B3%D8%B4%D9%88%D8%A7%D8%B1 HTTP/1.1" 404 47970 "-" "Mozilla/5.0 (Linux; Android 6.0; ALE-L21 Build/HuaweiALE-L21) AppleWebKit/537.36 (KHTML, like Gecko) Chrome/66.0.3359.158 Mobile Safari/537.36" "-" requestsuccessful: 0  requestfailed: 285
207.46.13.136 - - [10/Aug/2024:22:23:57 +0330] "PUT /settings/logo HTTP/1.1" 200 4085 "-" "Mozilla/5.0 (compatible; AhrefsBot/6.1; +http://ahrefs.com/robot/)" "-" requestsuccessful: 64  requestfailed: 113
91.99.72.15 - - [30/Jul/2024:08:45:57 +0330] "GET /settings/logo HTTP/1.1" 404 31089 "-" "Mozilla/5.0 (compatible; bingbot/2.0; +http://www.bing.com/bingbot.htm)" "-" requestsuccessful: 289  requestfailed: 123
91.99.72.15 - - [21/Jul/2024:13:00:57 +0330] "POST /settings/logo HTTP/1.1" 500 30219 "-" "Mozilla/5.0 (compatible; AhrefsBot/6.1; +http://ahrefs.com/robot/)" "-" requestsuccessful: 147  requestfailed: 257
207.46.13.136 - - [01/Aug/2024:21:59:57 +0330] "DELETE /product/31893/62100/%D8%B3%D8%B4%D9%88%D8%A7%D8%B1 HTTP/1.1" 404 35664 "-" "Mozilla/5.0 (Linux; Android 6.0; ALE-L21 Build/HuaweiALE-L21) AppleWebKit/537.36 (KHTML, like Gecko) Chrome/66.0.3359.158 Mobile Safari/537.36" "-" requestsuccessful: 41  requestfailed: 258
54.36.149.41 - - [03/Aug/2024:13:42:57 +0330] "POST /image/60844/productModel/200x200 HTTP/1.1" 404 45946 "-" "Mozilla/5.0 (compatible; AhrefsBot/6.1; +http://ahrefs.com/robot/)" "-" requestsuccessful: 176  requestfailed: 277
54.36.149.41 - - [18/Jul/2024:19:35:57 +0330] "GET /settings/logo HTTP/1.1" 500 28079 "-" "Mozilla/5.0 (Windows NT 6.2; Win64; x64; rv:16.0)Gecko/16.0 Firefox/16.0" "-" requestsuccessful: 124  requestfailed: 111
207.46.13.136 - - [01/Aug/2024:08:33:57 +0330] "DELETE /settings/logo HTTP/1.1" 301 6690 "-" "Mozilla/5.0 (Windows NT 6.2; Win64; x64; rv:16.0)Gecko/16.0 Firefox/16.0" "-" requestsuccessful: 164  requestfailed: 223
40.77.167.129 - - [03/Aug/2024:23:28:57 +0330] "PUT /image/60844/productModel/200x200 HTTP/1.1" 200 40592 "-" "Mozilla/5.0 (compatible; AhrefsBot/6.1; +http://ahrefs.com/robot/)" "-" requestsuccessful: 59  requestfailed: 192
91.99.72.15 - - [21/Jul/2024:10:22:57 +0330] "POST /product/31893/62100/%D8%B3%D8%B4%D9%88%D8%A7%D8%B1 HTTP/1.1" 200 42874 "-" "Mozilla/5.0 (compatible; Googlebot/2.1; +http://www.google.com/bot.html)" "-" requestsuccessful: 140  requestfailed: 293
207.46.13.136 - - [18/Aug/2024:07:55:57 +0330] "PUT /product/31893/62100/%D8%B3%D8%B4%D9%88%D8%A7%D8%B1 HTTP/1.1" 500 37419 "-" "Mozilla/5.0 (Windows NT 6.2; Win64; x64; rv:16.0)Gecko/16.0 Firefox/16.0" "-" requestsuccessful: 82  requestfailed: 71
54.36.149.41 - - [27/Jul/2024:05:31:57 +0330] "GET /image/60844/productModel/200x200 HTTP/1.1" 301 18357 "-" "Mozilla/5.0 (compatible; AhrefsBot/6.1; +http://ahrefs.com/robot/)" "-" requestsuccessful: 162  requestfailed: 188
31.56.96.51 - - [16/Aug/2024:01:15:57 +0330] "POST /product/31893/62100/%D8%B3%D8%B4%D9%88%D8%A7%D8%B1 HTTP/1.1" 200 6337 "-" "Mozilla/5.0 (Windows NT 6.2; Win64; x64; rv:16.0)Gecko/16.0 Firefox/16.0" "-" requestsuccessful: 86  requestfailed: 5
207.46.13.136 - - [13/Aug/2024:08:49:57 +0330] "DELETE /product/31893/62100/%D8%B3%D8%B4%D9%88%D8%A7%D8%B1 HTTP/1.1" 500 44054 "-" "Mozilla/5.0 (compatible; bingbot/2.0; +http://www.bing.com/bingbot.htm)" "-" requestsuccessful: 95  requestfailed: 255
31.56.96.51 - - [25/Jul/2024:18:42:57 +0330] "GET /product/31893/62100/%D8%B3%D8%B4%D9%88%D8%A7%D8%B1 HTTP/1.1" 500 39821 "-" "Mozilla/5.0 (compatible; bingbot/2.0; +http://www.bing.com/bingbot.htm)" "-" requestsuccessful: 177  requestfailed: 222
31.56.96.51 - - [20/Jul/2024:09:42:57 +0330] "DELETE /filter/27|13%20%D9%85%DA%AF%D8%A7%D9%BE%DB%8C%DA%A9%D8%B3%D9%84 HTTP/1.1" 301 4070 "-" "Mozilla/5.0 (compatible; Googlebot/2.1; +http://www.google.com/bot.html)" "-" requestsuccessful: 37  requestfailed: 272
31.56.96.51 - - [01/Aug/2024:09:02:57 +0330] "GET /product/31893/62100/%D8%B3%D8%B4%D9%88%D8%A7%D8%B1 HTTP/1.1" 500 25351 "-" "Mozilla/5.0 (compatible; bingbot/2.0; +http://www.bing.com/bingbot.htm)" "-" requestsuccessful: 149  requestfailed: 115
178.253.33.51 - - [07/Aug/2024:14:37:57 +0330] "POST /settings/logo HTTP/1.1" 500 4040 "-" "Mozilla/5.0 (compatible; AhrefsBot/6.1; +http://ahrefs.com/robot/)" "-" requestsuccessful: 268  requestfailed: 153
91.99.72.15 - - [05/Aug/2024:07:26:57 +0330] "GET /filter/27|13%20%D9%85%DA%AF%D8%A7%D9%BE%DB%8C%DA%A9%D8%B3%D9%84 HTTP/1.1" 404 26407 "-" "Mozilla/5.0 (compatible; Googlebot/2.1; +http://www.google.com/bot.html)" "-" requestsuccessful: 153  requestfailed: 73
40.77.167.129 - - [01/Aug/2024:02:50:57 +0330] "GET /settings/logo HTTP/1.1" 404 31646 "-" "Mozilla/5.0 (compatible; Googlebot/2.1; +http://www.google.com/bot.html)" "-" requestsuccessful: 46  requestfailed: 211
40.77.167.129 - - [05/Aug/2024:12:03:57 +0330] "GET /product/31893/62100/%D8%B3%D8%B4%D9%88%D8%A7%D8%B1 HTTP/1.1" 200 3344 "-" "Mozilla/5.0 (compatible; Googlebot/2.1; +http://www.google.com/bot.html)" "-" requestsuccessful: 10  requestfailed: 171
207.46.13.136 - - [12/Aug/2024:01:38:57 +0330] "DELETE /filter/27|13%20%D9%85%DA%AF%D8%A7%D9%BE%DB%8C%DA%A9%D8%B3%D9%84 HTTP/1.1" 500 3426 "-" "Mozilla/5.0 (compatible; Googlebot/2.1; +http://www.google.com/bot.html)" "-" requestsuccessful: 258  requestfailed: 242
178.253.33.51 - - [12/Aug/2024:14:04:57 +0330] "POST /filter/27|13%20%D9%85%DA%AF%D8%A7%D9%BE%DB%8C%DA%A9%D8%B3%D9%84 HTTP/1.1" 500 3707 "-" "Mozilla/5.0 (Windows NT 6.2; Win64; x64; rv:16.0)Gecko/16.0 Firefox/16.0" "-" requestsuccessful: 149  requestfailed: 285
91.99.72.15 - - [18/Aug/2024:14:19:57 +0330] "POST /settings/logo HTTP/1.1" 200 40845 "-" "Mozilla/5.0 (compatible; AhrefsBot/6.1; +http://ahrefs.com/robot/)" "-" requestsuccessful: 235  requestfailed: 296
91.99.72.15 - - [05/Aug/2024:12:16:57 +0330] "PUT /filter/27|13%20%D9%85%DA%AF%D8%A7%D9%BE%DB%8C%DA%A9%D8%B3%D9%84 HTTP/1.1" 301 45335 "-" "Mozilla/5.0 (compatible; Googlebot/2.1; +http://www.google.com/bot.html)" "-" requestsuccessful: 91  requestfailed: 17
